#-----------------------------------------------------------
# Webtalk v2019.1 (64-bit)
# SW Build 2552052 on Fri May 24 14:47:09 MDT 2019
# IP Build 2548770 on Fri May 24 18:01:18 MDT 2019
# Start of session at: Mon May 24 10:19:27 2021
# Process ID: 82773
# Current directory: /home/lstefana/v19.1/ip/axis_tproc64x32_x8_v1/src/project_1/project_1.sim/sim_1/behav/xsim
# Command line: wbtcv -mode batch -source /home/lstefana/v19.1/ip/axis_tproc64x32_x8_v1/src/project_1/project_1.sim/sim_1/behav/xsim/xsim.dir/tb_behav/webtalk/xsim_webtalk.tcl -notrace
# Log file: /home/lstefana/v19.1/ip/axis_tproc64x32_x8_v1/src/project_1/project_1.sim/sim_1/behav/xsim/webtalk.log
# Journal file: /home/lstefana/v19.1/ip/axis_tproc64x32_x8_v1/src/project_1/project_1.sim/sim_1/behav/xsim/webtalk.jou
#-----------------------------------------------------------
source /home/lstefana/v19.1/ip/axis_tproc64x32_x8_v1/src/project_1/project_1.sim/sim_1/behav/xsim/xsim.dir/tb_behav/webtalk/xsim_webtalk.tcl -notrace
